int
int
int
int
bool
bool
float
float
float
float
bool
bool
float
float
float
float
bool
bool
bool
bool
bool
int
float
int
int
float
float
float
int
bool
bool
bool
bool
int
(int -> int)
int
int
bool
float
(float -> float)
int
int
unit
(int * bool)
(bool * (float -> float))
int
bool
int
int
(bool -> (int * int))
(int * int)
int
[int]
[int]
bool
bool
int
<int>
int
unit
int
int
int
int
unit
array<int>
float
int
int
int
int
int
int
int
