5
-1
6
0
true
false
5.2
-1.
6.51
2.
true
false
5.1
-0.9
6.2
0.7
true
false
false
true
false
3
124.9
NaN
NaN
NaN
NaN
NaN
NaN
NaN
-6
